[INFO] Scanning for projects...
[INFO] 
[INFO] ---------------------< com.koushik:course-catalog >---------------------
[INFO] Building course-catalog 0.0.1-SNAPSHOT
[INFO]   from pom.xml
[INFO] --------------------------------[ jar ]---------------------------------
[INFO] 
[INFO] --- clean:3.5.0:clean (default-clean) @ course-catalog ---
[INFO] Deleting C:\Users\koush\OneDrive\Documents\0. My Docs\SpringBoot\course-web-app\course-catalog\target
[INFO] 
[INFO] --- resources:3.3.1:resources (default-resources) @ course-catalog ---
[INFO] Copying 1 resource from src\main\resources to target\classes
[INFO] Copying 0 resource from src\main\resources to target\classes
[INFO] 
[INFO] --- compiler:3.14.1:compile (default-compile) @ course-catalog ---
[INFO] Recompiling the module because of changed source code.
[INFO] Compiling 10 source files with javac [debug parameters release 21] to target\classes
[INFO] -------------------------------------------------------------
[ERROR] COMPILATION ERROR : 
[INFO] -------------------------------------------------------------
[ERROR] /C:/Users/koush/OneDrive/Documents/0. My Docs/SpringBoot/course-web-app/course-catalog/src/main/java/com/koushik/course_catalog/service/EmployeeService.java:[41,42] cannot find symbol
  symbol:   method getName()
  location: variable requestDTO of type com.koushik.course_catalog.dto.EmployeeRequestDTO
[ERROR] /C:/Users/koush/OneDrive/Documents/0. My Docs/SpringBoot/course-web-app/course-catalog/src/main/java/com/koushik/course_catalog/service/EmployeeService.java:[42,52] cannot find symbol
  symbol:   method getName()
  location: variable requestDTO of type com.koushik.course_catalog.dto.EmployeeRequestDTO
[ERROR] /C:/Users/koush/OneDrive/Documents/0. My Docs/SpringBoot/course-web-app/course-catalog/src/main/java/com/koushik/course_catalog/service/EmployeeService.java:[43,42] cannot find symbol
  symbol:   method getEmail()
  location: variable requestDTO of type com.koushik.course_catalog.dto.EmployeeRequestDTO
[ERROR] /C:/Users/koush/OneDrive/Documents/0. My Docs/SpringBoot/course-web-app/course-catalog/src/main/java/com/koushik/course_catalog/service/EmployeeService.java:[44,53] cannot find symbol
  symbol:   method getEmail()
  location: variable requestDTO of type com.koushik.course_catalog.dto.EmployeeRequestDTO
[ERROR] /C:/Users/koush/OneDrive/Documents/0. My Docs/SpringBoot/course-web-app/course-catalog/src/main/java/com/koushik/course_catalog/service/EmployeeService.java:[45,42] cannot find symbol
  symbol:   method getRole()
  location: variable requestDTO of type com.koushik.course_catalog.dto.EmployeeRequestDTO
[ERROR] /C:/Users/koush/OneDrive/Documents/0. My Docs/SpringBoot/course-web-app/course-catalog/src/main/java/com/koushik/course_catalog/service/EmployeeService.java:[46,52] cannot find symbol
  symbol:   method getRole()
  location: variable requestDTO of type com.koushik.course_catalog.dto.EmployeeRequestDTO
[ERROR] /C:/Users/koush/OneDrive/Documents/0. My Docs/SpringBoot/course-web-app/course-catalog/src/main/java/com/koushik/course_catalog/service/EmployeeService.java:[47,42] cannot find symbol
  symbol:   method getDepartment()
  location: variable requestDTO of type com.koushik.course_catalog.dto.EmployeeRequestDTO
[ERROR] /C:/Users/koush/OneDrive/Documents/0. My Docs/SpringBoot/course-web-app/course-catalog/src/main/java/com/koushik/course_catalog/service/EmployeeService.java:[48,58] cannot find symbol
  symbol:   method getDepartment()
  location: variable requestDTO of type com.koushik.course_catalog.dto.EmployeeRequestDTO
[ERROR] /C:/Users/koush/OneDrive/Documents/0. My Docs/SpringBoot/course-web-app/course-catalog/src/main/java/com/koushik/course_catalog/service/EmployeeService.java:[49,42] cannot find symbol
  symbol:   method getSalary()
  location: variable requestDTO of type com.koushik.course_catalog.dto.EmployeeRequestDTO
[ERROR] /C:/Users/koush/OneDrive/Documents/0. My Docs/SpringBoot/course-web-app/course-catalog/src/main/java/com/koushik/course_catalog/service/EmployeeService.java:[50,54] cannot find symbol
  symbol:   method getSalary()
  location: variable requestDTO of type com.koushik.course_catalog.dto.EmployeeRequestDTO
[ERROR] /C:/Users/koush/OneDrive/Documents/0. My Docs/SpringBoot/course-web-app/course-catalog/src/main/java/com/koushik/course_catalog/service/EmployeeService.java:[51,42] cannot find symbol
  symbol:   method getExperience()
  location: variable requestDTO of type com.koushik.course_catalog.dto.EmployeeRequestDTO
[ERROR] /C:/Users/koush/OneDrive/Documents/0. My Docs/SpringBoot/course-web-app/course-catalog/src/main/java/com/koushik/course_catalog/service/EmployeeService.java:[52,58] cannot find symbol
  symbol:   method getExperience()
  location: variable requestDTO of type com.koushik.course_catalog.dto.EmployeeRequestDTO
[INFO] 12 errors 
[INFO] -------------------------------------------------------------
[INFO] ------------------------------------------------------------------------
[INFO] BUILD FAILURE
[INFO] ------------------------------------------------------------------------
[INFO] Total time:  2.175 s
[INFO] Finished at: 2026-05-19T14:41:43-05:00
[INFO] ------------------------------------------------------------------------
[ERROR] Failed to execute goal org.apache.maven.plugins:maven-compiler-plugin:3.14.1:compile (default-compile) on project course-catalog: Compilation failure: Compilation failure: 
[ERROR] /C:/Users/koush/OneDrive/Documents/0. My Docs/SpringBoot/course-web-app/course-catalog/src/main/java/com/koushik/course_catalog/service/EmployeeService.java:[41,42] cannot find symbol
[ERROR]   symbol:   method getName()
[ERROR]   location: variable requestDTO of type com.koushik.course_catalog.dto.EmployeeRequestDTO
[ERROR] /C:/Users/koush/OneDrive/Documents/0. My Docs/SpringBoot/course-web-app/course-catalog/src/main/java/com/koushik/course_catalog/service/EmployeeService.java:[42,52] cannot find symbol
[ERROR]   symbol:   method getName()
[ERROR]   location: variable requestDTO of type com.koushik.course_catalog.dto.EmployeeRequestDTO
[ERROR] /C:/Users/koush/OneDrive/Documents/0. My Docs/SpringBoot/course-web-app/course-catalog/src/main/java/com/koushik/course_catalog/service/EmployeeService.java:[43,42] cannot find symbol
[ERROR]   symbol:   method getEmail()
[ERROR]   location: variable requestDTO of type com.koushik.course_catalog.dto.EmployeeRequestDTO
[ERROR] /C:/Users/koush/OneDrive/Documents/0. My Docs/SpringBoot/course-web-app/course-catalog/src/main/java/com/koushik/course_catalog/service/EmployeeService.java:[44,53] cannot find symbol
[ERROR]   symbol:   method getEmail()
[ERROR]   location: variable requestDTO of type com.koushik.course_catalog.dto.EmployeeRequestDTO
[ERROR] /C:/Users/koush/OneDrive/Documents/0. My Docs/SpringBoot/course-web-app/course-catalog/src/main/java/com/koushik/course_catalog/service/EmployeeService.java:[45,42] cannot find symbol
[ERROR]   symbol:   method getRole()
[ERROR]   location: variable requestDTO of type com.koushik.course_catalog.dto.EmployeeRequestDTO
[ERROR] /C:/Users/koush/OneDrive/Documents/0. My Docs/SpringBoot/course-web-app/course-catalog/src/main/java/com/koushik/course_catalog/service/EmployeeService.java:[46,52] cannot find symbol
[ERROR]   symbol:   method getRole()
[ERROR]   location: variable requestDTO of type com.koushik.course_catalog.dto.EmployeeRequestDTO
[ERROR] /C:/Users/koush/OneDrive/Documents/0. My Docs/SpringBoot/course-web-app/course-catalog/src/main/java/com/koushik/course_catalog/service/EmployeeService.java:[47,42] cannot find symbol
[ERROR]   symbol:   method getDepartment()
[ERROR]   location: variable requestDTO of type com.koushik.course_catalog.dto.EmployeeRequestDTO
[ERROR] /C:/Users/koush/OneDrive/Documents/0. My Docs/SpringBoot/course-web-app/course-catalog/src/main/java/com/koushik/course_catalog/service/EmployeeService.java:[48,58] cannot find symbol
[ERROR]   symbol:   method getDepartment()
[ERROR]   location: variable requestDTO of type com.koushik.course_catalog.dto.EmployeeRequestDTO
[ERROR] /C:/Users/koush/OneDrive/Documents/0. My Docs/SpringBoot/course-web-app/course-catalog/src/main/java/com/koushik/course_catalog/service/EmployeeService.java:[49,42] cannot find symbol
[ERROR]   symbol:   method getSalary()
[ERROR]   location: variable requestDTO of type com.koushik.course_catalog.dto.EmployeeRequestDTO
[ERROR] /C:/Users/koush/OneDrive/Documents/0. My Docs/SpringBoot/course-web-app/course-catalog/src/main/java/com/koushik/course_catalog/service/EmployeeService.java:[50,54] cannot find symbol
[ERROR]   symbol:   method getSalary()
[ERROR]   location: variable requestDTO of type com.koushik.course_catalog.dto.EmployeeRequestDTO
[ERROR] /C:/Users/koush/OneDrive/Documents/0. My Docs/SpringBoot/course-web-app/course-catalog/src/main/java/com/koushik/course_catalog/service/EmployeeService.java:[51,42] cannot find symbol
[ERROR]   symbol:   method getExperience()
[ERROR]   location: variable requestDTO of type com.koushik.course_catalog.dto.EmployeeRequestDTO
[ERROR] /C:/Users/koush/OneDrive/Documents/0. My Docs/SpringBoot/course-web-app/course-catalog/src/main/java/com/koushik/course_catalog/service/EmployeeService.java:[52,58] cannot find symbol
[ERROR]   symbol:   method getExperience()
[ERROR]   location: variable requestDTO of type com.koushik.course_catalog.dto.EmployeeRequestDTO
[ERROR] -> [Help 1]
[ERROR] 
[ERROR] To see the full stack trace of the errors, re-run Maven with the -e switch.
[ERROR] Re-run Maven using the -X switch to enable full debug logging.
[ERROR] 
[ERROR] For more information about the errors and possible solutions, please read the following articles:
[ERROR] [Help 1] http://cwiki.apache.org/confluence/display/MAVEN/MojoFailureException
